running develop
running egg_info
creating cart_pole_optimal_control.egg-info
writing cart_pole_optimal_control.egg-info/PKG-INFO
writing dependency_links to cart_pole_optimal_control.egg-info/dependency_links.txt
writing entry points to cart_pole_optimal_control.egg-info/entry_points.txt
writing requirements to cart_pole_optimal_control.egg-info/requires.txt
writing top-level names to cart_pole_optimal_control.egg-info/top_level.txt
writing manifest file 'cart_pole_optimal_control.egg-info/SOURCES.txt'
reading manifest file 'cart_pole_optimal_control.egg-info/SOURCES.txt'
writing manifest file 'cart_pole_optimal_control.egg-info/SOURCES.txt'
running build_ext
Creating /home/dhansukh/ses598-space-robotics-and-ai-2026/install/cart_pole_optimal_control/lib/python3.10/site-packages/cart-pole-optimal-control.egg-link (link to .)
Installing dqn_controller script to /home/dhansukh/ses598-space-robotics-and-ai-2026/install/cart_pole_optimal_control/lib/cart_pole_optimal_control
Installing earthquake_force_generator script to /home/dhansukh/ses598-space-robotics-and-ai-2026/install/cart_pole_optimal_control/lib/cart_pole_optimal_control
Installing force_visualizer script to /home/dhansukh/ses598-space-robotics-and-ai-2026/install/cart_pole_optimal_control/lib/cart_pole_optimal_control
Installing lqr_controller script to /home/dhansukh/ses598-space-robotics-and-ai-2026/install/cart_pole_optimal_control/lib/cart_pole_optimal_control
Installing state_republisher script to /home/dhansukh/ses598-space-robotics-and-ai-2026/install/cart_pole_optimal_control/lib/cart_pole_optimal_control

Installed /home/dhansukh/ses598-space-robotics-and-ai-2026/build/cart_pole_optimal_control
running symlink_data
creating /home/dhansukh/ses598-space-robotics-and-ai-2026/install/cart_pole_optimal_control/share/ament_index
creating /home/dhansukh/ses598-space-robotics-and-ai-2026/install/cart_pole_optimal_control/share/ament_index/resource_index
creating /home/dhansukh/ses598-space-robotics-and-ai-2026/install/cart_pole_optimal_control/share/ament_index/resource_index/packages
symbolically linking /home/dhansukh/ses598-space-robotics-and-ai-2026/build/cart_pole_optimal_control/resource/cart_pole_optimal_control -> /home/dhansukh/ses598-space-robotics-and-ai-2026/install/cart_pole_optimal_control/share/ament_index/resource_index/packages
symbolically linking /home/dhansukh/ses598-space-robotics-and-ai-2026/build/cart_pole_optimal_control/package.xml -> /home/dhansukh/ses598-space-robotics-and-ai-2026/install/cart_pole_optimal_control/share/cart_pole_optimal_control
creating /home/dhansukh/ses598-space-robotics-and-ai-2026/install/cart_pole_optimal_control/share/cart_pole_optimal_control/launch
symbolically linking /home/dhansukh/ses598-space-robotics-and-ai-2026/build/cart_pole_optimal_control/launch/cart_pole.launch.py -> /home/dhansukh/ses598-space-robotics-and-ai-2026/install/cart_pole_optimal_control/share/cart_pole_optimal_control/launch
symbolically linking /home/dhansukh/ses598-space-robotics-and-ai-2026/build/cart_pole_optimal_control/launch/cart_pole_dqn.launch.py -> /home/dhansukh/ses598-space-robotics-and-ai-2026/install/cart_pole_optimal_control/share/cart_pole_optimal_control/launch
symbolically linking /home/dhansukh/ses598-space-robotics-and-ai-2026/build/cart_pole_optimal_control/launch/cart_pole_rviz.launch.py -> /home/dhansukh/ses598-space-robotics-and-ai-2026/install/cart_pole_optimal_control/share/cart_pole_optimal_control/launch
creating /home/dhansukh/ses598-space-robotics-and-ai-2026/install/cart_pole_optimal_control/share/cart_pole_optimal_control/config
symbolically linking /home/dhansukh/ses598-space-robotics-and-ai-2026/build/cart_pole_optimal_control/config/cart_pole.rviz -> /home/dhansukh/ses598-space-robotics-and-ai-2026/install/cart_pole_optimal_control/share/cart_pole_optimal_control/config
creating /home/dhansukh/ses598-space-robotics-and-ai-2026/install/cart_pole_optimal_control/share/cart_pole_optimal_control/models
creating /home/dhansukh/ses598-space-robotics-and-ai-2026/install/cart_pole_optimal_control/share/cart_pole_optimal_control/models/cart_pole
symbolically linking /home/dhansukh/ses598-space-robotics-and-ai-2026/build/cart_pole_optimal_control/models/cart_pole/model.urdf -> /home/dhansukh/ses598-space-robotics-and-ai-2026/install/cart_pole_optimal_control/share/cart_pole_optimal_control/models/cart_pole
creating /home/dhansukh/ses598-space-robotics-and-ai-2026/install/cart_pole_optimal_control/share/cart_pole_optimal_control/models/cart_pole/meshes
